Building DAG of jobs...
Using shell: /usr/bin/bash
Provided cluster nodes: 50
Job stats:
job       count    min threads    max threads
------  -------  -------------  -------------
all           1              1              1
fq2bam        1             16             16
total         2              1             16

Select jobs to execute...

[Tue Apr 14 09:51:02 2026]
rule fq2bam:
    input: /bigdata/armstronglab/respl001/side_quests/range_wide_sv/data/fastq/deJong_2023/SRR22801898_1.fastq, /bigdata/armstronglab/respl001/side_quests/range_wide_sv/data/fastq/deJong_2023/SRR22801898_2.fastq, /bigdata/armstronglab/shared/bear_data/reference_genome/GCF_023065955.2_UrsArc2.0_genomic.fna
    output: output/SRR22801898.bam, output/SRR22801898.bai
    jobid: 1
    reason: Missing output files: output/SRR22801898.bai, output/SRR22801898.bam
    threads: 16
    resources: mem_mb=32000, disk_mb=181823, tmpdir=<TBD>, runtime=1440, cpus_per_task=4, partition=gpu, account=armstronglab, mem_gb=240, time=96:00:00, gres=gpu:a100:1


        module load singularity
        module load cuda

        singularity exec --nv \ 
            --bind: /bigdata/armstronglab/respl001/reusable_pipelines/fastq-to-bam             /bigdata/armstronglab/shared/applications/singularity_containers/clara-parabricks_4.1.1-1.sif             pbrun fq2bam             --ref /bigdata/armstronglab/shared/bear_data/reference_genome/GCF_023065955.2_UrsArc2.0_genomic.fna             --in-fq /bigdata/armstronglab/respl001/side_quests/range_wide_sv/data/fastq/deJong_2023/SRR22801898_1.fastq /bigdata/armstronglab/respl001/side_quests/range_wide_sv/data/fastq/deJong_2023/SRR22801898_2.fastq             --out-bam output/SRR22801898.bam
        
Error submitting jobscript (exit code 1):

Shutting down, this might take some time.
Exiting because a job execution failed. Look above for error message
Complete log: .snakemake/log/2026-04-14T095102.524199.snakemake.log
